breakpoint|../core/alloc_obj08.v3 5|0
stopOnBreakpoint
bt|main|../core/alloc_obj08.v3|5
variable|0|a|0|int|false
variable|1|b|0|int|false
variable|2|x|#1:alloc_obj08|alloc_obj08|true
end
result|0
