breakpoint|../core/alloc_array09.v3 3|0
stopOnBreakpoint
bt|main|../core/alloc_array09.v3|3
end
result|true
