breakpoint|../core/array20.v3 10|0
breakpoint|../core/array20.v3 11|1
breakpoint|../core/array20.v3 12|2
breakpoint|../core/array20.v3 13|3
breakpoint|../core/array20.v3 14|4
stopOnBreakpoint
bt|array20.main|../core/array20.v3|10
variable|0|this|array20|array20|false
variable|1|arg|0|int|false
stopOnBreakpoint
bt|array20.main|../core/array20.v3|11
variable|0|this|array20|array20|false
variable|1|arg|0|int|false
stopOnBreakpoint
bt|array20.main|../core/array20.v3|12
variable|0|this|array20|array20|false
variable|1|arg|0|int|false
stopOnBreakpoint
bt|array20.main|../core/array20.v3|13
variable|0|this|array20|array20|false
variable|1|arg|0|int|false
stopOnBreakpoint
bt|array20.main|../core/array20.v3|14
variable|0|this|array20|array20|false
variable|1|arg|0|int|false
end
result|42
