breakpoint|../core/body_expr04.v3 8|0
stopOnBreakpoint
bt|main|../core/body_expr04.v3|8
variable|0|lm|<null>:body_expr04.m|void -> int|false
variable|1|ln|<null>:body_expr04.n|void -> int|false
end
result|234
