breakpoint|../core/byte_int22.v3 3|0
breakpoint|../core/byte_int22.v3 4|1
breakpoint|../core/byte_int22.v3 5|2
breakpoint|../core/byte_int22.v3 6|3
breakpoint|../core/byte_int22.v3 7|4
breakpoint|../core/byte_int22.v3 8|5
breakpoint|../core/byte_int22.v3 9|6
breakpoint|../core/byte_int22.v3 10|7
breakpoint|../core/byte_int22.v3 14|8
stopOnBreakpoint
bt|main|../core/byte_int22.v3|3
variable|0|arg|0|int|false
stopOnBreakpoint
bt|x|../core/byte_int22.v3|14
bt|main|../core/byte_int22.v3|3
variable|0|i|-1|int|false
variable|1|a|0|byte|false
end
result|255
