breakpoint|../core/calls20.v3 6|0
stopOnBreakpoint
bt|main|../core/calls20.v3|6
variable|0|a|0|int|false
variable|1|b|0|int|false
end
result|0
