breakpoint|../core/closure02.v3 3|0
breakpoint|../core/closure02.v3 6|1
breakpoint|../core/closure02.v3 8|2
breakpoint|../core/closure02.v3 9|3
breakpoint|../core/closure02.v3 13|4
stopOnBreakpoint
bt|main|../core/closure02.v3|13
variable|0|a|0|int|false
stopOnBreakpoint
bt|ff|../core/closure02.v3|8
bt|main|../core/closure02.v3|13
variable|0|x|#2:Bar|Foo|true
stopOnBreakpoint
bt|Bar.m|../core/closure02.v3|6
bt|ff|../core/closure02.v3|8
bt|main|../core/closure02.v3|13
variable|0|this|#2:Bar|Bar|true
end
result|12
