breakpoint|../core/compound_mul00.v3 5|0
stopOnBreakpoint
bt|main|../core/compound_mul00.v3|5
variable|0|a|-1|int|false
variable|1|x|3|int|false
end
result|3
