stopOnStep
bt|mytest0.main|component0.v3|3
stopOnStep
bt|mytest0.main|component0.v3|4
stopOnStep
bt|mytest.sum|component0.v3|11
bt|mytest0.main|component0.v3|4
stopOnStep
bt|mytest0.main|component0.v3|5
end
result|2
