breakpoint|../core/const07.v3 9|0
stopOnBreakpoint
bt|const07.main|../core/const07.v3|9
variable|0|this|const07|const07|false
variable|1|a|0|int|false
end
result|1144201745
