breakpoint|../core/field05.v3 6|0
stopOnBreakpoint
bt|main|../core/field05.v3|6
variable|0|x|0|int|false
end
result|0
