breakpoint|../core/foreach21.v3 4|0
breakpoint|../core/foreach21.v3 9|1
stopOnBreakpoint
bt|map|../core/foreach21.v3|9
bt|main|../core/foreach21.v3|3
variable|0|a|#1:Array<byte>|Array<A>|true
variable|1|f|<null>:foreach21$global.m92|A -> B|false
variable|2|b|#2:Array<int>|Array<B>|true
variable|3|i|5|int|false
stopOnBreakpoint
bt|main|../core/foreach21.v3|4
variable|0|a|0|int|false
variable|1|x|#2:Array<int>|Array<int>|true
end
result|5
