breakpoint|../core/forlt12.v3 7|0
end
result|!NullCheckException
	in main() [../core/forlt12.v3 @ 4:23]

