breakpoint|../core/forlt28.v3 5|0
stop|stopOnBreakpoint
bt|main|../core/forlt28.v3|5
variable|0|a|0|int|false
variable|1|m|#1:Array<int -> void>|Array<int -> void>|true
stop|end
result|0
