breakpoint|../core/if_tup03.v3 6|0
stop|stopOnBreakpoint
bt|main|../core/if_tup03.v3|6
variable|0|a|0|int|false
variable|1|t|(0, 1)|(int, int)|false
stop|end
result|1
