breakpoint|../core/int_or01.v3 3|0
stop|stopOnBreakpoint
bt|int_or01.main|../core/int_or01.v3|3
variable|0|this|int_or01|int_or01|false
variable|1|a|0|int|false
variable|2|b|0|int|false
stop|end
result|0
