breakpoint|../core/int_lteq02.v3 4|0
breakpoint|../core/int_lteq02.v3 5|1
stop|stopOnBreakpoint
bt|int_lteq02.main|../core/int_lteq02.v3|4
variable|0|this|int_lteq02|int_lteq02|false
variable|1|a|0|int|false
variable|2|b|0|int|false
stop|end
result|true
