breakpoint|../core/match08.v3 10|0
stop|stopOnBreakpoint
bt|main|../core/match08.v3|10
variable|0|arg|0|int|false
stop|end
result|1
