breakpoint|../core/mixed_array15.v3 3|0
breakpoint|../core/mixed_array15.v3 12|1
stop|stopOnBreakpoint
bt|main|../core/mixed_array15.v3|12
variable|0|a|0|int|false
variable|1|e|(141235, #1:Bar:Bar.m)|(int, int -> int)|false
stop|stopOnBreakpoint
bt|Bar.m|../core/mixed_array15.v3|3
bt|main|../core/mixed_array15.v3|12
variable|0|this|#1:Bar|Bar|true
variable|1|a|141235|int|false
stop|end
result|141243
