breakpoint|../core/mixed_array05.v3 11|0
stopOnBreakpoint
bt|main|../core/mixed_array05.v3|11
variable|0|a|0|int|false
variable|1|m|1103|int|false
variable|2|n|33|int|false
variable|3|q|44|int|false
end
result|2921
