breakpoint|../core/nested_assign14.v3 4|0
stop|stopOnBreakpoint
bt|main|../core/nested_assign14.v3|4
variable|0|a|0|int|false
variable|1|b|0|int|false
variable|2|c|0|int|false
variable|3|t|#1:Array<int>|Array<int>|true
stop|end
result|true
