breakpoint|../core/opt_fold06.v3 6|0
stopOnBreakpoint
bt|opt_fold06.main|../core/opt_fold06.v3|6
variable|0|this|opt_fold06|opt_fold06|false
variable|1|arg|0|int|false
variable|2|a|0|int|false
end
result|2
