breakpoint|../core/opt_foldeq00.v3 3|0
stopOnBreakpoint
bt|main|../core/opt_foldeq00.v3|3
end
result|true
