breakpoint|../core/opt_assoc06.v3 4|0
stopOnBreakpoint
bt|opt_assoc06.main|../core/opt_assoc06.v3|4
variable|0|this|opt_assoc06|opt_assoc06|false
variable|1|arg|0|int|false
end
result|0
