breakpoint|../core/opt_strength02.v3 4|0
stop|stopOnBreakpoint
bt|opt_strength02.main|../core/opt_strength02.v3|4
variable|0|this|opt_strength02|opt_strength02|false
variable|1|arg|0|int|false
stop|end
result|0
