breakpoint|../core/opt_field10.v3 9|0
stopOnBreakpoint
bt|main|../core/opt_field10.v3|9
variable|0|a|0|int|false
end
result|6
