breakpoint|../core/opt_not11.v3 3|0
breakpoint|../core/opt_not11.v3 4|1
breakpoint|../core/opt_not11.v3 5|2
stop|stopOnBreakpoint
bt|main|../core/opt_not11.v3|3
variable|0|a|0|int|false
variable|1|b|0|byte|false
variable|2|c|0|byte|false
stop|end
result|false
