breakpoint|../core/order14.v3 12|0
breakpoint|../core/order14.v3 18|1
breakpoint|../core/order14.v3 24|2
breakpoint|../core/order14.v3 30|3
breakpoint|../core/order14.v3 31|4
breakpoint|../core/order14.v3 32|5
breakpoint|../core/order14.v3 33|6
breakpoint|../core/order14.v3 34|7
breakpoint|../core/order14.v3 35|8
stop|stopOnBreakpoint
bt|order14.first|../core/order14.v3|12
bt|order14.main|../core/order14.v3|29
variable|0|this|order14|order14|false
stop|stopOnBreakpoint
bt|order14.second|../core/order14.v3|18
bt|order14.main|../core/order14.v3|29
variable|0|this|order14|order14|false
variable|1|a|0|int|false
stop|stopOnBreakpoint
bt|order14.main|../core/order14.v3|30
variable|0|this|order14|order14|false
variable|1|arg|0|int|false
variable|2|result|12|int|false
stop|stopOnBreakpoint
bt|order14.main|../core/order14.v3|31
variable|0|this|order14|order14|false
variable|1|arg|0|int|false
variable|2|result|12|int|false
stop|stopOnBreakpoint
bt|order14.main|../core/order14.v3|32
variable|0|this|order14|order14|false
variable|1|arg|0|int|false
variable|2|result|12|int|false
stop|stopOnBreakpoint
bt|order14.main|../core/order14.v3|33
variable|0|this|order14|order14|false
variable|1|arg|0|int|false
variable|2|result|12|int|false
stop|stopOnBreakpoint
bt|order14.main|../core/order14.v3|34
variable|0|this|order14|order14|false
variable|1|arg|0|int|false
variable|2|result|12|int|false
stop|stopOnBreakpoint
bt|order14.main|../core/order14.v3|35
variable|0|this|order14|order14|false
variable|1|arg|0|int|false
variable|2|result|12|int|false
stop|end
result|0
