breakpoint|../core/pa_new02.v3 21|0
stop|stopOnBreakpoint
bt|pa_new02.main|../core/pa_new02.v3|21
variable|0|this|pa_new02|pa_new02|false
variable|1|a|0|int|false
variable|2|b|0|int|false
variable|3|c|0|int|false
stop|end
result|0
