breakpoint|../core/pa_op_del08.v3 7|0
breakpoint|../core/pa_op_del08.v3 8|1
breakpoint|../core/pa_op_del08.v3 9|2
breakpoint|../core/pa_op_del08.v3 10|3
breakpoint|../core/pa_op_del08.v3 11|4
stop|stopOnBreakpoint
bt|main|../core/pa_op_del08.v3|7
variable|0|arg|0|int|false
stop|end
result|!TypeCheckException
	in main() [../core/pa_op_del08.v3 @ 7:43]

