breakpoint|../core/pa_tup10.v3 3|0
breakpoint|../core/pa_tup10.v3 9|1
breakpoint|../core/pa_tup10.v3 10|2
stop|stopOnBreakpoint
bt|pa_tup10_a.f|../core/pa_tup10.v3|3
bt|pa_tup10.main|../core/pa_tup10.v3|8
variable|0|this|#1:pa_tup10_a|pa_tup10_a|true
variable|1|a|1|int|false
variable|2|b|(3, 4)|(int, int)|false
stop|stopOnBreakpoint
bt|pa_tup10.main|../core/pa_tup10.v3|9
variable|0|this|pa_tup10|pa_tup10|false
variable|1|arg|0|int|false
variable|2|o|#1:pa_tup10_a|pa_tup10_a|true
variable|3|f|#2:pa_tup10$closure2<(int, (int, int)) -> (int, int), int>:pa_tup10$closure2<(int, (int, int)) -> (int, int), int>.m111|(int, int) -> (int, int)|false
variable|4|x|(3, 4)|(int, int)|false
variable|5|t|(1, 4)|(int, int)|false
stop|end
result|1
