breakpoint|../core/poly_rec02.v3 11|0
stopOnBreakpoint
bt|poly_rec02.main|../core/poly_rec02.v3|11
variable|0|this|poly_rec02|poly_rec02|false
variable|1|arg|0|int|false
variable|2|o|null|poly_rec02a<poly_rec02a<int>>|false
end
result|0
