breakpoint|../core/ret01.v3 3|0
stopOnBreakpoint
bt|main|../core/ret01.v3|3
variable|0|arg|0|int|false
end
result|true
