breakpoint|../core/ret04.v3 3|0
stopOnBreakpoint
bt|main|../core/ret04.v3|3
variable|0|arg|false|bool|false
end
result|false
