breakpoint|../core/rtex_null23.v3 7|0
stop|stopOnBreakpoint
bt|main|../core/rtex_null23.v3|7
variable|0|z|false|bool|false
variable|1|a|null|rtex_null23a|false
variable|2|b|null|rtex_null23b|false
variable|3|x|null|rtex_null23a|false
stop|end
result|!NullCheckException
	in main() [../core/rtex_null23.v3 @ 7:17]

