breakpoint|../core/st_new02.v3 5|0
stopOnBreakpoint
bt|main|../core/st_new02.v3|5
variable|0|x|0|int|false
end
result|!DivideByZeroException
	in st_new02b.new() [../core/st_new02.v3 @ 3:45]
	in main() [../core/st_new02.v3 @ 5:29]

