breakpoint|../core/static04.v3 6|0
breakpoint|../core/static04.v3 7|1
breakpoint|../core/static04.v3 8|2
breakpoint|../core/static04.v3 9|3
breakpoint|../core/static04.v3 12|4
breakpoint|../core/static04.v3 13|5
breakpoint|../core/static04.v3 14|6
breakpoint|../core/static04.v3 17|7
stopOnBreakpoint
bt|static04.main|../core/static04.v3|6
variable|1|arg|0|int|false
stopOnBreakpoint
bt|static04.main|../core/static04.v3|7
variable|1|arg|0|int|false
stopOnBreakpoint
bt|static04.main|../core/static04.v3|8
variable|1|arg|0|int|false
stopOnBreakpoint
bt|static04.main|../core/static04.v3|9
variable|1|arg|0|int|false
end
result|0
