breakpoint|../core/throw_for03.v3 5|0
stop|end
result|!DivideByZeroException
	in throw_for03.main() [../core/throw_for03.v3 @ 4:40]

