breakpoint|../core/throw_for01.v3 5|-1
stop|end
result|!DivideByZeroException
	in throw_for01.main() [../core/throw_for01.v3 @ 4:26]

