breakpoint|../core/vector01.v3 3|0
breakpoint|../core/vector01.v3 7|1
stop|stopOnBreakpoint
bt|main|../core/vector01.v3|7
variable|0|a|0|int|false
stop|end
result|!NullCheckException
	in main() [../core/vector01.v3 @ 7:16]

