breakpoint|../core/while14.v3 9|0
stopOnBreakpoint
bt|while14.main|../core/while14.v3|9
variable|0|this|while14|while14|false
variable|1|arg|0|int|false
variable|2|i|10|int|false
end
result|0
