breakpoint|../core/zgc13.v3 7|0
breakpoint|../core/zgc13.v3 10|1
stopOnBreakpoint
bt|main|../core/zgc13.v3|7
variable|0|a|0|int|false
variable|1|x|#1:zgc13|zgc13|true
end
result|33
