breakpoint|../core/zopt03.v3 6|0
breakpoint|../core/zopt03.v3 28|1
breakpoint|../core/zopt03.v3 34|2
stopOnBreakpoint
bt|getBool|../core/zopt03.v3|28
bt|Compiler.new|../core/zopt03.v3|11
bt|main|../core/zopt03.v3|32
stopOnBreakpoint
bt|SsaBlock.end|../core/zopt03.v3|6
bt|SsaCfOptimizer.optBlock|../core/zopt03.v3|23
bt|main|../core/zopt03.v3|33
variable|0|this|#1:SsaBlock|SsaBlock|true
stopOnBreakpoint
bt|main|../core/zopt03.v3|34
variable|0|a|0|int|false
variable|1|block|#1:SsaBlock|SsaBlock|true
variable|2|context|#4:SsaContext|SsaContext|true
end
result|0
